// Jest Snapshot v1, https://goo.gl/fbAQLP

exports[`App should match the snapshot 1`] = `
<div
  className="App"
>
  <Switch>
    <Route
      exact={true}
      path="/"
      render={[Function]}
    />
    <Route
      exact={true}
      path="/bookmarked"
      render={[Function]}
    />
    <Route
      exact={true}
      path="/previously_brewed"
      render={[Function]}
    />
    <Route
      exact={true}
      path="/(beers|bookmarked|previously_brewed|search)/:id"
      render={[Function]}
    />
    <Route
      exact={true}
      path="/search"
      render={[Function]}
    />
  </Switch>
</div>
`;
